{
  "date1": "2014-01-01",
  "date2": "x2014-01-01",
  "path1": "aa/bb",
  "path2": "aa\\bb"
}